// Jest Snapshot v1, https://goo.gl/fbAQLP

exports[`ColorModeObserver renders initial styles properly 1`] = `
<div>
  <div
    class="css-0"
  >
    <h1>
      This is a test
    </h1>
  </div>
</div>
`;
